VIEWS.PY LOADED
 * Serving Flask app 'app'
 * Debug mode: off
Terminate batch job (Y/N)? VIEWS.PY LOADED
 * Serving Flask app 'app'
 * Debug mode: off
Terminate batch job (Y/N)? VIEWS.PY LOADED
 * Serving Flask app 'app'
 * Debug mode: off
Terminate batch job (Y/N)? VIEWS.PY LOADED
 * Serving Flask app 'app'
 * Debug mode: off
Terminate batch job (Y/N)? VIEWS.PY LOADED
 * Serving Flask app 'app'
 * Debug mode: off
Terminate batch job (Y/N)? Terminate batch job (Y/N)? VIEWS.PY LOADED
 * Serving Flask app 'app'
 * Debug mode: off
Terminate batch job (Y/N)? VIEWS.PY LOADED
 * Serving Flask app 'app'
 * Debug mode: off
Terminate batch job (Y/N)? VIEWS.PY LOADED
 * Serving Flask app 'app'
 * Debug mode: off
Terminate batch job (Y/N)? VIEWS.PY LOADED
 * Serving Flask app 'app'
 * Debug mode: off
Terminate batch job (Y/N)? VIEWS.PY LOADED
 * Serving Flask app 'app'
 * Debug mode: off
Terminate batch job (Y/N)? VIEWS.PY LOADED
 * Serving Flask app 'app'
 * Debug mode: off
Terminate batch job (Y/N)? VIEWS.PY LOADED
 * Serving Flask app 'app'
 * Debug mode: off
Terminate batch job (Y/N)? VIEWS.PY LOADED
 * Serving Flask app 'app'
 * Debug mode: off
Terminate batch job (Y/N)? VIEWS.PY LOADED
 * Serving Flask app 'app'
 * Debug mode: off
Terminate batch job (Y/N)? VIEWS.PY LOADED
 * Serving Flask app 'app'
 * Debug mode: off
Terminate batch job (Y/N)? VIEWS.PY LOADED
 * Serving Flask app 'app'
 * Debug mode: off
Terminate batch job (Y/N)? VIEWS.PY LOADED
 * Serving Flask app 'app'
 * Debug mode: off
Terminate batch job (Y/N)? VIEWS.PY LOADED
 * Serving Flask app 'app'
 * Debug mode: off
VIEWS.PY LOADED
 * Serving Flask app 'app'
 * Debug mode: off
Terminate batch job (Y/N)? 