VIEWS.PY LOADED
 * Debug mode: on
VIEWS.PY LOADED
Terminate batch job (Y/N)? VIEWS.PY LOADED
 * Debug mode: on
VIEWS.PY LOADED
Terminate batch job (Y/N)? VIEWS.PY LOADED
 * Debug mode: on
VIEWS.PY LOADED
Terminate batch job (Y/N)? Terminate batch job (Y/N)? VIEWS.PY LOADED
 * Debug mode: on
VIEWS.PY LOADED
VIEWS.PY LOADED
VIEWS.PY LOADED
Terminate batch job (Y/N)? VIEWS.PY LOADED
 * Debug mode: on
VIEWS.PY LOADED
Terminate batch job (Y/N)? VIEWS.PY LOADED
 * Debug mode: on
VIEWS.PY LOADED
Terminate batch job (Y/N)? 